// Jest Snapshot v1, https://goo.gl/fbAQLP

exports[`Registration page component renders correctly 1`] = `
<div
  className="center-vertical"
>
  <Segment
    className="registration__form"
    color="olive"
  >
    <RegistrationForm
      register={[Function]}
    />
  </Segment>
</div>
`;
