// Jest Snapshot v1, https://goo.gl/fbAQLP

exports[`SuccessMessage component renders correctly 1`] = `
<Segment
  color="olive"
>
  Success!
</Segment>
`;
