// Jest Snapshot v1, https://goo.gl/fbAQLP

exports[`ErrorBoundary component renders correctly 1`] = `""`;
