// Jest Snapshot v1, https://goo.gl/fbAQLP

exports[`ItemsList component renders correctly 1`] = `
<CardGroup>
  <Component
    item={
      Object {
        "id": 1,
        "item": Object {
          "number": 1,
        },
      }
    }
    key="1"
  />
</CardGroup>
`;
