// Jest Snapshot v1, https://goo.gl/fbAQLP

exports[`OrdersList component renders correctly 1`] = `
<ItemsList
  Component={[Function]}
/>
`;
