// Jest Snapshot v1, https://goo.gl/fbAQLP

exports[`Order component renders correctly 1`] = `
<Card
  className="order__book"
  color="red"
>
  <CardContent>
    <CardHeader />
    <CardMeta />
    <CardDescription>
      Status
      : 
      Expired!
    </CardDescription>
  </CardContent>
</Card>
`;
