// Jest Snapshot v1, https://goo.gl/fbAQLP

exports[`MenuButton component renders books list component correctly 1`] = `
<Button
  as="button"
  className="menu__button"
  color="olive"
  onClick={[Function]}
/>
`;
